node : node:internal/modul
es/cjs/loader:1459
At line:1 char:1
+ node index.js > 
error_log.txt 2>&1
+ ~~~~~~~~~~~~~~~~~~~~~~~~
~~~~~~~~~~
    + CategoryInfo        
      : NotSpecified: (n  
  ode:internal/modules/   
 cjs/loader:1459:Strin    
g) [], RemoteExceptio    n
    + FullyQualifiedError 
   Id : NativeCommandErr  
  or
 
  throw err;
  ^

Error: Cannot find module 
'.prisma/client/default'
Require stack:
- C:\Users\megha\Projects\
Pulpe Dentaire\backend\nod
e_modules\@prisma\client\d
efault.js
- C:\Users\megha\Projects\
Pulpe 
Dentaire\backend\index.js
    at 
Module._resolveFilename (n
ode:internal/modules/cjs/l
oader:1456:15)
    at defaultResolveImpl 
(node:internal/modules/cjs
/loader:1066:19)
    at 
resolveForCJSWithHooks (no
de:internal/modules/cjs/lo
ader:1071:22)
    at Module._load (node:
internal/modules/cjs/loade
r:1242:25)
    at wrapModuleLoad (nod
e:internal/modules/cjs/loa
der:255:19)
    at Module.require (nod
e:internal/modules/cjs/loa
der:1556:12)
    at require (node:inter
nal/modules/helpers:152:16
)
    at Object.<anonymous> 
(C:\Users\megha\Projects\P
ulpe Dentaire\backend\node
_modules\@prisma\client\de
fault.js:2:6)
    at Module._compile (no
de:internal/modules/cjs/lo
ader:1812:14)
    at Object..js (node:in
ternal/modules/cjs/loader:
1943:10) {
  code: 
'MODULE_NOT_FOUND',
  requireStack: [
    'C:\\Users\\megha\\Pro
jects\\Pulpe Dentaire\\bac
kend\\node_modules\\@prism
a\\client\\default.js',
    'C:\\Users\\megha\\Pro
jects\\Pulpe Dentaire\\bac
kend\\index.js'
  ]
}

Node.js v24.14.0
